// Jest Snapshot v1, https://goo.gl/fbAQLP

exports[`renders correctly 1`] = `
<div
  className="App"
>
  <p
    className="App-intro"
  >
    Hello World
  </p>
</div>
`;
